The target system is: Android - 1 - x86_64
The host system is: Linux - 7.0.11-76070011-generic - x86_64
Compiling the C compiler identification source file "CMakeCCompilerId.c" succeeded.
Compiler: /home/freedomfighter/Android/Sdk/ndk/27.1.12297006/toolchains/llvm/prebuilt/linux-x86_64/bin/clang 
Build flags: -g;-DANDROID;-fdata-sections;-ffunction-sections;-funwind-tables;-fstack-protector-strong;-no-canonical-prefixes;-D_FORTIFY_SOURCE=2;-Wformat;-Werror=format-security;
Id flags: -c;--target=x86_64-none-linux-android29 

The output was:
0


Compilation of the C compiler identification source "CMakeCCompilerId.c" produced "CMakeCCompilerId.o"

The C compiler identification is Clang, found in "/home/freedomfighter/code/mp4-to-mp3/app/.cxx/Debug/3xn212i1/x86_64/CMakeFiles/3.22.1-g37088a8/CompilerIdC/CMakeCCompilerId.o"

Detecting C compiler ABI info compiled with the following output:
Change Dir: /home/freedomfighter/code/mp4-to-mp3/app/.cxx/Debug/3xn212i1/x86_64/CMakeFiles/CMakeTmp

Run Build Command(s):/home/freedomfighter/Android/Sdk/cmake/3.22.1/bin/ninja cmTC_9f224 && [1/2] Building C object CMakeFiles/cmTC_9f224.dir/CMakeCCompilerABI.c.o
Android (12285214, +pgo, +bolt, +lto, +mlgo, based on r522817b) clang version 18.0.2 (https://android.googlesource.com/toolchain/llvm-project d8003a456d14a3deb8054cdaa529ffbf02d9b262)
Target: x86_64-none-linux-android29
Thread model: posix
InstalledDir: /home/freedomfighter/Android/Sdk/ndk/27.1.12297006/toolchains/llvm/prebuilt/linux-x86_64/bin
 (in-process)
 "/home/freedomfighter/Android/Sdk/ndk/27.1.12297006/toolchains/llvm/prebuilt/linux-x86_64/bin/clang" -cc1 -triple x86_64-none-linux-android29 -emit-obj -mrelax-all -disable-free -clear-ast-before-backend -disable-llvm-verifier -discard-value-names -main-file-name CMakeCCompilerABI.c -mrelocation-model pic -pic-level 2 -pic-is-pie -mframe-pointer=all -ffp-contract=on -fno-rounding-math -mconstructor-aliases -funwind-tables=2 -target-cpu x86-64 -target-feature +sse4.2 -target-feature +popcnt -target-feature +cx16 -tune-cpu generic -debug-info-kind=constructor -dwarf-version=4 -debugger-tuning=gdb -fdebug-compilation-dir=/home/freedomfighter/code/mp4-to-mp3/app/.cxx/Debug/3xn212i1/x86_64/CMakeFiles/CMakeTmp -v -ffunction-sections -fdata-sections -fcoverage-compilation-dir=/home/freedomfighter/code/mp4-to-mp3/app/.cxx/Debug/3xn212i1/x86_64/CMakeFiles/CMakeTmp -resource-dir /home/freedomfighter/Android/Sdk/ndk/27.1.12297006/toolchains/llvm/prebuilt/linux-x86_64/lib/clang/18 -dependency-file CMakeFiles/cmTC_9f224.dir/CMakeCCompilerABI.c.o.d -MT CMakeFiles/cmTC_9f224.dir/CMakeCCompilerABI.c.o -sys-header-deps -D ANDROID -D _FORTIFY_SOURCE=2 -isysroot /home/freedomfighter/Android/Sdk/ndk/27.1.12297006/toolchains/llvm/prebuilt/linux-x86_64/sysroot -internal-isystem /home/freedomfighter/Android/Sdk/ndk/27.1.12297006/toolchains/llvm/prebuilt/linux-x86_64/lib/clang/18/include -internal-isystem /home/freedomfighter/Android/Sdk/ndk/27.1.12297006/toolchains/llvm/prebuilt/linux-x86_64/sysroot/usr/local/include -internal-externc-isystem /home/freedomfighter/Android/Sdk/ndk/27.1.12297006/toolchains/llvm/prebuilt/linux-x86_64/sysroot/usr/include/x86_64-linux-android -internal-externc-isystem /home/freedomfighter/Android/Sdk/ndk/27.1.12297006/toolchains/llvm/prebuilt/linux-x86_64/sysroot/include -internal-externc-isystem /home/freedomfighter/Android/Sdk/ndk/27.1.12297006/toolchains/llvm/prebuilt/linux-x86_64/sysroot/usr/include -Wformat -ferror-limit 19 -stack-protector 2 -fgnuc-version=4.2.1 -D__GCC_HAVE_DWARF2_CFI_ASM=1 -o CMakeFiles/cmTC_9f224.dir/CMakeCCompilerABI.c.o -x c /home/freedomfighter/Android/Sdk/cmake/3.22.1/share/cmake-3.22/Modules/CMakeCCompilerABI.c
clang -cc1 version 18.0.2 based upon LLVM 18.0.2 default target x86_64-unknown-linux-gnu
ignoring nonexistent directory "/home/freedomfighter/Android/Sdk/ndk/27.1.12297006/toolchains/llvm/prebuilt/linux-x86_64/sysroot/usr/local/include"
ignoring nonexistent directory "/home/freedomfighter/Android/Sdk/ndk/27.1.12297006/toolchains/llvm/prebuilt/linux-x86_64/sysroot/include"
#include "..." search starts here:
#include <...> search starts here:
 /home/freedomfighter/Android/Sdk/ndk/27.1.12297006/toolchains/llvm/prebuilt/linux-x86_64/lib/clang/18/include
 /home/freedomfighter/Android/Sdk/ndk/27.1.12297006/toolchains/llvm/prebuilt/linux-x86_64/sysroot/usr/include/x86_64-linux-android
 /home/freedomfighter/Android/Sdk/ndk/27.1.12297006/toolchains/llvm/prebuilt/linux-x86_64/sysroot/usr/include
End of search list.
[2/2] Linking C executable cmTC_9f224
Android (12285214, +pgo, +bolt, +lto, +mlgo, based on r522817b) clang version 18.0.2 (https://android.googlesource.com/toolchain/llvm-project d8003a456d14a3deb8054cdaa529ffbf02d9b262)
Target: x86_64-none-linux-android29
Thread model: posix
InstalledDir: /home/freedomfighter/Android/Sdk/ndk/27.1.12297006/toolchains/llvm/prebuilt/linux-x86_64/bin
 "/home/freedomfighter/Android/Sdk/ndk/27.1.12297006/toolchains/llvm/prebuilt/linux-x86_64/bin/ld.lld" --sysroot=/home/freedomfighter/Android/Sdk/ndk/27.1.12297006/toolchains/llvm/prebuilt/linux-x86_64/sysroot -z now -z relro --hash-style=gnu --eh-frame-hdr -m elf_x86_64 -pie -dynamic-linker /system/bin/linker64 -o cmTC_9f224 /home/freedomfighter/Android/Sdk/ndk/27.1.12297006/toolchains/llvm/prebuilt/linux-x86_64/sysroot/usr/lib/x86_64-linux-android/29/crtbegin_dynamic.o -L/home/freedomfighter/Android/Sdk/ndk/27.1.12297006/toolchains/llvm/prebuilt/linux-x86_64/lib/clang/18/lib/linux/x86_64 -L/home/freedomfighter/Android/Sdk/ndk/27.1.12297006/toolchains/llvm/prebuilt/linux-x86_64/sysroot/usr/lib/x86_64-linux-android/29 -L/home/freedomfighter/Android/Sdk/ndk/27.1.12297006/toolchains/llvm/prebuilt/linux-x86_64/sysroot/usr/lib/x86_64-linux-android -L/home/freedomfighter/Android/Sdk/ndk/27.1.12297006/toolchains/llvm/prebuilt/linux-x86_64/sysroot/usr/lib --build-id=sha1 --no-rosegment --no-undefined-version --fatal-warnings --no-undefined CMakeFiles/cmTC_9f224.dir/CMakeCCompilerABI.c.o /home/freedomfighter/Android/Sdk/ndk/27.1.12297006/toolchains/llvm/prebuilt/linux-x86_64/lib/clang/18/lib/linux/libclang_rt.builtins-x86_64-android.a -l:libunwind.a -ldl -lc /home/freedomfighter/Android/Sdk/ndk/27.1.12297006/toolchains/llvm/prebuilt/linux-x86_64/lib/clang/18/lib/linux/libclang_rt.builtins-x86_64-android.a -l:libunwind.a -ldl /home/freedomfighter/Android/Sdk/ndk/27.1.12297006/toolchains/llvm/prebuilt/linux-x86_64/sysroot/usr/lib/x86_64-linux-android/29/crtend_android.o



Parsed C implicit include dir info from above output: rv=done
  found start of include info
  found start of implicit include info
    add: [/home/freedomfighter/Android/Sdk/ndk/27.1.12297006/toolchains/llvm/prebuilt/linux-x86_64/lib/clang/18/include]
    add: [/home/freedomfighter/Android/Sdk/ndk/27.1.12297006/toolchains/llvm/prebuilt/linux-x86_64/sysroot/usr/include/x86_64-linux-android]
    add: [/home/freedomfighter/Android/Sdk/ndk/27.1.12297006/toolchains/llvm/prebuilt/linux-x86_64/sysroot/usr/include]
  end of search list found
  collapse include dir [/home/freedomfighter/Android/Sdk/ndk/27.1.12297006/toolchains/llvm/prebuilt/linux-x86_64/lib/clang/18/include] ==> [/home/freedomfighter/Android/Sdk/ndk/27.1.12297006/toolchains/llvm/prebuilt/linux-x86_64/lib/clang/18/include]
  collapse include dir [/home/freedomfighter/Android/Sdk/ndk/27.1.12297006/toolchains/llvm/prebuilt/linux-x86_64/sysroot/usr/include/x86_64-linux-android] ==> [/home/freedomfighter/Android/Sdk/ndk/27.1.12297006/toolchains/llvm/prebuilt/linux-x86_64/sysroot/usr/include/x86_64-linux-android]
  collapse include dir [/home/freedomfighter/Android/Sdk/ndk/27.1.12297006/toolchains/llvm/prebuilt/linux-x86_64/sysroot/usr/include] ==> [/home/freedomfighter/Android/Sdk/ndk/27.1.12297006/toolchains/llvm/prebuilt/linux-x86_64/sysroot/usr/include]
  implicit include dirs: [/home/freedomfighter/Android/Sdk/ndk/27.1.12297006/toolchains/llvm/prebuilt/linux-x86_64/lib/clang/18/include;/home/freedomfighter/Android/Sdk/ndk/27.1.12297006/toolchains/llvm/prebuilt/linux-x86_64/sysroot/usr/include/x86_64-linux-android;/home/freedomfighter/Android/Sdk/ndk/27.1.12297006/toolchains/llvm/prebuilt/linux-x86_64/sysroot/usr/include]


Parsed C implicit link information from above output:
  link line regex: [^( *|.*[/\])(ld\.lld|CMAKE_LINK_STARTFILE-NOTFOUND|([^/\]+-)?ld|collect2)[^/\]*( |$)]
  ignore line: [Change Dir: /home/freedomfighter/code/mp4-to-mp3/app/.cxx/Debug/3xn212i1/x86_64/CMakeFiles/CMakeTmp]
  ignore line: []
  ignore line: [Run Build Command(s):/home/freedomfighter/Android/Sdk/cmake/3.22.1/bin/ninja cmTC_9f224 && [1/2] Building C object CMakeFiles/cmTC_9f224.dir/CMakeCCompilerABI.c.o]
  ignore line: [Android (12285214  +pgo  +bolt  +lto  +mlgo  based on r522817b) clang version 18.0.2 (https://android.googlesource.com/toolchain/llvm-project d8003a456d14a3deb8054cdaa529ffbf02d9b262)]
  ignore line: [Target: x86_64-none-linux-android29]
  ignore line: [Thread model: posix]
  ignore line: [InstalledDir: /home/freedomfighter/Android/Sdk/ndk/27.1.12297006/toolchains/llvm/prebuilt/linux-x86_64/bin]
  ignore line: [ (in-process)]
  ignore line: [ "/home/freedomfighter/Android/Sdk/ndk/27.1.12297006/toolchains/llvm/prebuilt/linux-x86_64/bin/clang" -cc1 -triple x86_64-none-linux-android29 -emit-obj -mrelax-all -disable-free -clear-ast-before-backend -disable-llvm-verifier -discard-value-names -main-file-name CMakeCCompilerABI.c -mrelocation-model pic -pic-level 2 -pic-is-pie -mframe-pointer=all -ffp-contract=on -fno-rounding-math -mconstructor-aliases -funwind-tables=2 -target-cpu x86-64 -target-feature +sse4.2 -target-feature +popcnt -target-feature +cx16 -tune-cpu generic -debug-info-kind=constructor -dwarf-version=4 -debugger-tuning=gdb -fdebug-compilation-dir=/home/freedomfighter/code/mp4-to-mp3/app/.cxx/Debug/3xn212i1/x86_64/CMakeFiles/CMakeTmp -v -ffunction-sections -fdata-sections -fcoverage-compilation-dir=/home/freedomfighter/code/mp4-to-mp3/app/.cxx/Debug/3xn212i1/x86_64/CMakeFiles/CMakeTmp -resource-dir /home/freedomfighter/Android/Sdk/ndk/27.1.12297006/toolchains/llvm/prebuilt/linux-x86_64/lib/clang/18 -dependency-file CMakeFiles/cmTC_9f224.dir/CMakeCCompilerABI.c.o.d -MT CMakeFiles/cmTC_9f224.dir/CMakeCCompilerABI.c.o -sys-header-deps -D ANDROID -D _FORTIFY_SOURCE=2 -isysroot /home/freedomfighter/Android/Sdk/ndk/27.1.12297006/toolchains/llvm/prebuilt/linux-x86_64/sysroot -internal-isystem /home/freedomfighter/Android/Sdk/ndk/27.1.12297006/toolchains/llvm/prebuilt/linux-x86_64/lib/clang/18/include -internal-isystem /home/freedomfighter/Android/Sdk/ndk/27.1.12297006/toolchains/llvm/prebuilt/linux-x86_64/sysroot/usr/local/include -internal-externc-isystem /home/freedomfighter/Android/Sdk/ndk/27.1.12297006/toolchains/llvm/prebuilt/linux-x86_64/sysroot/usr/include/x86_64-linux-android -internal-externc-isystem /home/freedomfighter/Android/Sdk/ndk/27.1.12297006/toolchains/llvm/prebuilt/linux-x86_64/sysroot/include -internal-externc-isystem /home/freedomfighter/Android/Sdk/ndk/27.1.12297006/toolchains/llvm/prebuilt/linux-x86_64/sysroot/usr/include -Wformat -ferror-limit 19 -stack-protector 2 -fgnuc-version=4.2.1 -D__GCC_HAVE_DWARF2_CFI_ASM=1 -o CMakeFiles/cmTC_9f224.dir/CMakeCCompilerABI.c.o -x c /home/freedomfighter/Android/Sdk/cmake/3.22.1/share/cmake-3.22/Modules/CMakeCCompilerABI.c]
  ignore line: [clang -cc1 version 18.0.2 based upon LLVM 18.0.2 default target x86_64-unknown-linux-gnu]
  ignore line: [ignoring nonexistent directory "/home/freedomfighter/Android/Sdk/ndk/27.1.12297006/toolchains/llvm/prebuilt/linux-x86_64/sysroot/usr/local/include"]
  ignore line: [ignoring nonexistent directory "/home/freedomfighter/Android/Sdk/ndk/27.1.12297006/toolchains/llvm/prebuilt/linux-x86_64/sysroot/include"]
  ignore line: [#include "..." search starts here:]
  ignore line: [#include <...> search starts here:]
  ignore line: [ /home/freedomfighter/Android/Sdk/ndk/27.1.12297006/toolchains/llvm/prebuilt/linux-x86_64/lib/clang/18/include]
  ignore line: [ /home/freedomfighter/Android/Sdk/ndk/27.1.12297006/toolchains/llvm/prebuilt/linux-x86_64/sysroot/usr/include/x86_64-linux-android]
  ignore line: [ /home/freedomfighter/Android/Sdk/ndk/27.1.12297006/toolchains/llvm/prebuilt/linux-x86_64/sysroot/usr/include]
  ignore line: [End of search list.]
  ignore line: [[2/2] Linking C executable cmTC_9f224]
  ignore line: [Android (12285214  +pgo  +bolt  +lto  +mlgo  based on r522817b) clang version 18.0.2 (https://android.googlesource.com/toolchain/llvm-project d8003a456d14a3deb8054cdaa529ffbf02d9b262)]
  ignore line: [Target: x86_64-none-linux-android29]
  ignore line: [Thread model: posix]
  ignore line: [InstalledDir: /home/freedomfighter/Android/Sdk/ndk/27.1.12297006/toolchains/llvm/prebuilt/linux-x86_64/bin]
  link line: [ "/home/freedomfighter/Android/Sdk/ndk/27.1.12297006/toolchains/llvm/prebuilt/linux-x86_64/bin/ld.lld" --sysroot=/home/freedomfighter/Android/Sdk/ndk/27.1.12297006/toolchains/llvm/prebuilt/linux-x86_64/sysroot -z now -z relro --hash-style=gnu --eh-frame-hdr -m elf_x86_64 -pie -dynamic-linker /system/bin/linker64 -o cmTC_9f224 /home/freedomfighter/Android/Sdk/ndk/27.1.12297006/toolchains/llvm/prebuilt/linux-x86_64/sysroot/usr/lib/x86_64-linux-android/29/crtbegin_dynamic.o -L/home/freedomfighter/Android/Sdk/ndk/27.1.12297006/toolchains/llvm/prebuilt/linux-x86_64/lib/clang/18/lib/linux/x86_64 -L/home/freedomfighter/Android/Sdk/ndk/27.1.12297006/toolchains/llvm/prebuilt/linux-x86_64/sysroot/usr/lib/x86_64-linux-android/29 -L/home/freedomfighter/Android/Sdk/ndk/27.1.12297006/toolchains/llvm/prebuilt/linux-x86_64/sysroot/usr/lib/x86_64-linux-android -L/home/freedomfighter/Android/Sdk/ndk/27.1.12297006/toolchains/llvm/prebuilt/linux-x86_64/sysroot/usr/lib --build-id=sha1 --no-rosegment --no-undefined-version --fatal-warnings --no-undefined CMakeFiles/cmTC_9f224.dir/CMakeCCompilerABI.c.o /home/freedomfighter/Android/Sdk/ndk/27.1.12297006/toolchains/llvm/prebuilt/linux-x86_64/lib/clang/18/lib/linux/libclang_rt.builtins-x86_64-android.a -l:libunwind.a -ldl -lc /home/freedomfighter/Android/Sdk/ndk/27.1.12297006/toolchains/llvm/prebuilt/linux-x86_64/lib/clang/18/lib/linux/libclang_rt.builtins-x86_64-android.a -l:libunwind.a -ldl /home/freedomfighter/Android/Sdk/ndk/27.1.12297006/toolchains/llvm/prebuilt/linux-x86_64/sysroot/usr/lib/x86_64-linux-android/29/crtend_android.o]
    arg [/home/freedomfighter/Android/Sdk/ndk/27.1.12297006/toolchains/llvm/prebuilt/linux-x86_64/bin/ld.lld] ==> ignore
    arg [--sysroot=/home/freedomfighter/Android/Sdk/ndk/27.1.12297006/toolchains/llvm/prebuilt/linux-x86_64/sysroot] ==> ignore
    arg [-znow] ==> ignore
    arg [-zrelro] ==> ignore
    arg [--hash-style=gnu] ==> ignore
    arg [--eh-frame-hdr] ==> ignore
    arg [-m] ==> ignore
    arg [elf_x86_64] ==> ignore
    arg [-pie] ==> ignore
    arg [-dynamic-linker] ==> ignore
    arg [/system/bin/linker64] ==> ignore
    arg [-o] ==> ignore
    arg [cmTC_9f224] ==> ignore
    arg [/home/freedomfighter/Android/Sdk/ndk/27.1.12297006/toolchains/llvm/prebuilt/linux-x86_64/sysroot/usr/lib/x86_64-linux-android/29/crtbegin_dynamic.o] ==> obj [/home/freedomfighter/Android/Sdk/ndk/27.1.12297006/toolchains/llvm/prebuilt/linux-x86_64/sysroot/usr/lib/x86_64-linux-android/29/crtbegin_dynamic.o]
    arg [-L/home/freedomfighter/Android/Sdk/ndk/27.1.12297006/toolchains/llvm/prebuilt/linux-x86_64/lib/clang/18/lib/linux/x86_64] ==> dir [/home/freedomfighter/Android/Sdk/ndk/27.1.12297006/toolchains/llvm/prebuilt/linux-x86_64/lib/clang/18/lib/linux/x86_64]
    arg [-L/home/freedomfighter/Android/Sdk/ndk/27.1.12297006/toolchains/llvm/prebuilt/linux-x86_64/sysroot/usr/lib/x86_64-linux-android/29] ==> dir [/home/freedomfighter/Android/Sdk/ndk/27.1.12297006/toolchains/llvm/prebuilt/linux-x86_64/sysroot/usr/lib/x86_64-linux-android/29]
    arg [-L/home/freedomfighter/Android/Sdk/ndk/27.1.12297006/toolchains/llvm/prebuilt/linux-x86_64/sysroot/usr/lib/x86_64-linux-android] ==> dir [/home/freedomfighter/Android/Sdk/ndk/27.1.12297006/toolchains/llvm/prebuilt/linux-x86_64/sysroot/usr/lib/x86_64-linux-android]
    arg [-L/home/freedomfighter/Android/Sdk/ndk/27.1.12297006/toolchains/llvm/prebuilt/linux-x86_64/sysroot/usr/lib] ==> dir [/home/freedomfighter/Android/Sdk/ndk/27.1.12297006/toolchains/llvm/prebuilt/linux-x86_64/sysroot/usr/lib]
    arg [--build-id=sha1] ==> ignore
    arg [--no-rosegment] ==> ignore
    arg [--no-undefined-version] ==> ignore
    arg [--fatal-warnings] ==> ignore
    arg [--no-undefined] ==> ignore
    arg [CMakeFiles/cmTC_9f224.dir/CMakeCCompilerABI.c.o] ==> ignore
    arg [/home/freedomfighter/Android/Sdk/ndk/27.1.12297006/toolchains/llvm/prebuilt/linux-x86_64/lib/clang/18/lib/linux/libclang_rt.builtins-x86_64-android.a] ==> lib [/home/freedomfighter/Android/Sdk/ndk/27.1.12297006/toolchains/llvm/prebuilt/linux-x86_64/lib/clang/18/lib/linux/libclang_rt.builtins-x86_64-android.a]
    arg [-l:libunwind.a] ==> lib [-l:libunwind.a]
    arg [-ldl] ==> lib [dl]
    arg [-lc] ==> lib [c]
    arg [/home/freedomfighter/Android/Sdk/ndk/27.1.12297006/toolchains/llvm/prebuilt/linux-x86_64/lib/clang/18/lib/linux/libclang_rt.builtins-x86_64-android.a] ==> lib [/home/freedomfighter/Android/Sdk/ndk/27.1.12297006/toolchains/llvm/prebuilt/linux-x86_64/lib/clang/18/lib/linux/libclang_rt.builtins-x86_64-android.a]
    arg [-l:libunwind.a] ==> lib [-l:libunwind.a]
    arg [-ldl] ==> lib [dl]
    arg [/home/freedomfighter/Android/Sdk/ndk/27.1.12297006/toolchains/llvm/prebuilt/linux-x86_64/sysroot/usr/lib/x86_64-linux-android/29/crtend_android.o] ==> obj [/home/freedomfighter/Android/Sdk/ndk/27.1.12297006/toolchains/llvm/prebuilt/linux-x86_64/sysroot/usr/lib/x86_64-linux-android/29/crtend_android.o]
  remove lib [/home/freedomfighter/Android/Sdk/ndk/27.1.12297006/toolchains/llvm/prebuilt/linux-x86_64/lib/clang/18/lib/linux/libclang_rt.builtins-x86_64-android.a]
  remove lib [/home/freedomfighter/Android/Sdk/ndk/27.1.12297006/toolchains/llvm/prebuilt/linux-x86_64/lib/clang/18/lib/linux/libclang_rt.builtins-x86_64-android.a]
  collapse library dir [/home/freedomfighter/Android/Sdk/ndk/27.1.12297006/toolchains/llvm/prebuilt/linux-x86_64/lib/clang/18/lib/linux/x86_64] ==> [/home/freedomfighter/Android/Sdk/ndk/27.1.12297006/toolchains/llvm/prebuilt/linux-x86_64/lib/clang/18/lib/linux/x86_64]
  collapse library dir [/home/freedomfighter/Android/Sdk/ndk/27.1.12297006/toolchains/llvm/prebuilt/linux-x86_64/sysroot/usr/lib/x86_64-linux-android/29] ==> [/home/freedomfighter/Android/Sdk/ndk/27.1.12297006/toolchains/llvm/prebuilt/linux-x86_64/sysroot/usr/lib/x86_64-linux-android/29]
  collapse library dir [/home/freedomfighter/Android/Sdk/ndk/27.1.12297006/toolchains/llvm/prebuilt/linux-x86_64/sysroot/usr/lib/x86_64-linux-android] ==> [/home/freedomfighter/Android/Sdk/ndk/27.1.12297006/toolchains/llvm/prebuilt/linux-x86_64/sysroot/usr/lib/x86_64-linux-android]
  collapse library dir [/home/freedomfighter/Android/Sdk/ndk/27.1.12297006/toolchains/llvm/prebuilt/linux-x86_64/sysroot/usr/lib] ==> [/home/freedomfighter/Android/Sdk/ndk/27.1.12297006/toolchains/llvm/prebuilt/linux-x86_64/sysroot/usr/lib]
  implicit libs: [-l:libunwind.a;dl;c;-l:libunwind.a;dl]
  implicit objs: [/home/freedomfighter/Android/Sdk/ndk/27.1.12297006/toolchains/llvm/prebuilt/linux-x86_64/sysroot/usr/lib/x86_64-linux-android/29/crtbegin_dynamic.o;/home/freedomfighter/Android/Sdk/ndk/27.1.12297006/toolchains/llvm/prebuilt/linux-x86_64/sysroot/usr/lib/x86_64-linux-android/29/crtend_android.o]
  implicit dirs: [/home/freedomfighter/Android/Sdk/ndk/27.1.12297006/toolchains/llvm/prebuilt/linux-x86_64/lib/clang/18/lib/linux/x86_64;/home/freedomfighter/Android/Sdk/ndk/27.1.12297006/toolchains/llvm/prebuilt/linux-x86_64/sysroot/usr/lib/x86_64-linux-android/29;/home/freedomfighter/Android/Sdk/ndk/27.1.12297006/toolchains/llvm/prebuilt/linux-x86_64/sysroot/usr/lib/x86_64-linux-android;/home/freedomfighter/Android/Sdk/ndk/27.1.12297006/toolchains/llvm/prebuilt/linux-x86_64/sysroot/usr/lib]
  implicit fwks: []


